../Core/Src/fsm.c:44:6:setTrafficLED	24	static
../Core/Src/fsm.c:54:6:check_button	16	static
../Core/Src/fsm.c:125:6:setPed1LED	16	static
../Core/Src/fsm.c:130:6:setPed2LED	16	static
../Core/Src/fsm.c:135:6:updatePedestrianLED	8	static
../Core/Src/fsm.c:155:6:enterState	32	static
../Core/Src/fsm.c:161:6:setPedestrianLED	16	static
../Core/Src/fsm.c:187:6:Pedestrian_Init	8	static
../Core/Src/fsm.c:198:6:mode_normal	24	static
../Core/Src/fsm.c:310:6:blinkLED	24	static
../Core/Src/fsm.c:344:6:Task_FSM	8	static
../Core/Src/fsm.c:365:6:Task_BlinkLED	8	static
