../Core/Src/fsm.c:60:6:lcd_update_line	24	static
../Core/Src/fsm.c:70:6:lcd_show_auto_mode	64	static
../Core/Src/fsm.c:90:6:lcd_show_config	72	static
../Core/Src/fsm.c:113:6:setTrafficLED	24	static
../Core/Src/fsm.c:123:6:enterState	32	static
../Core/Src/fsm.c:129:6:setPed1LED	16	static
../Core/Src/fsm.c:134:6:setPed2LED	16	static
../Core/Src/fsm.c:140:6:updatePedestrianLED	8	static
../Core/Src/fsm.c:156:6:Pedestrian_Init	8	static
../Core/Src/fsm.c:170:6:check_button	24	static
../Core/Src/fsm.c:241:6:mode_normal	24	static
../Core/Src/fsm.c:370:6:blinkLED	24	static
../Core/Src/fsm.c:394:6:Task_FSM	8	static
../Core/Src/fsm.c:402:6:Task_BlinkLED	8	static
