../Core/Src/main.c:74:5:main	8	static
../Core/Src/main.c:133:6:SystemClock_Config	72	static
../Core/Src/main.c:170:13:MX_TIM2_Init	32	static
../Core/Src/main.c:215:13:MX_GPIO_Init	32	static
../Core/Src/main.c:251:6:HAL_TIM_PeriodElapsedCallback	16	static
../Core/Src/main.c:256:6:Task_LED1	8	static
../Core/Src/main.c:260:6:Task_LED2	8	static
../Core/Src/main.c:264:6:Task_LED3	8	static
../Core/Src/main.c:268:6:Task_LED4	8	static
../Core/Src/main.c:272:6:Task_OneShot	8	static
../Core/Src/main.c:282:6:Error_Handler	4	static,ignoring_inline_asm
