Archive member included to satisfy reference by file (symbol)

C:/ST/STM32CubeIDE_1.19.0/STM32CubeIDE/plugins/com.st.stm32cube.ide.mcu.externaltools.gnu-tools-for-stm32.13.3.rel1.win32_1.0.0.202411081344/tools/bin/../lib/gcc/arm-none-eabi/13.3.1/../../../../arm-none-eabi/lib/thumb/v7-m/nofp\libc_nano.a(libc_a-exit.o)
                              C:/ST/STM32CubeIDE_1.19.0/STM32CubeIDE/plugins/com.st.stm32cube.ide.mcu.externaltools.gnu-tools-for-stm32.13.3.rel1.win32_1.0.0.202411081344/tools/bin/../lib/gcc/arm-none-eabi/13.3.1/../../../../arm-none-eabi/lib/thumb/v7-m/nofp/crt0.o (exit)
C:/ST/STM32CubeIDE_1.19.0/STM32CubeIDE/plugins/com.st.stm32cube.ide.mcu.externaltools.gnu-tools-for-stm32.13.3.rel1.win32_1.0.0.202411081344/tools/bin/../lib/gcc/arm-none-eabi/13.3.1/../../../../arm-none-eabi/lib/thumb/v7-m/nofp\libc_nano.a(libc_a-findfp.o)
                              C:/ST/STM32CubeIDE_1.19.0/STM32CubeIDE/plugins/com.st.stm32cube.ide.mcu.externaltools.gnu-tools-for-stm32.13.3.rel1.win32_1.0.0.202411081344/tools/bin/../lib/gcc/arm-none-eabi/13.3.1/../../../../arm-none-eabi/lib/thumb/v7-m/nofp\libc_nano.a(libc_a-exit.o) (__stdio_exit_handler)
C:/ST/STM32CubeIDE_1.19.0/STM32CubeIDE/plugins/com.st.stm32cube.ide.mcu.externaltools.gnu-tools-for-stm32.13.3.rel1.win32_1.0.0.202411081344/tools/bin/../lib/gcc/arm-none-eabi/13.3.1/../../../../arm-none-eabi/lib/thumb/v7-m/nofp\libc_nano.a(libc_a-fwalk.o)
                              C:/ST/STM32CubeIDE_1.19.0/STM32CubeIDE/plugins/com.st.stm32cube.ide.mcu.externaltools.gnu-tools-for-stm32.13.3.rel1.win32_1.0.0.202411081344/tools/bin/../lib/gcc/arm-none-eabi/13.3.1/../../../../arm-none-eabi/lib/thumb/v7-m/nofp\libc_nano.a(libc_a-findfp.o) (_fwalk_sglue)
C:/ST/STM32CubeIDE_1.19.0/STM32CubeIDE/plugins/com.st.stm32cube.ide.mcu.externaltools.gnu-tools-for-stm32.13.3.rel1.win32_1.0.0.202411081344/tools/bin/../lib/gcc/arm-none-eabi/13.3.1/../../../../arm-none-eabi/lib/thumb/v7-m/nofp\libc_nano.a(libc_a-stdio.o)
                              C:/ST/STM32CubeIDE_1.19.0/STM32CubeIDE/plugins/com.st.stm32cube.ide.mcu.externaltools.gnu-tools-for-stm32.13.3.rel1.win32_1.0.0.202411081344/tools/bin/../lib/gcc/arm-none-eabi/13.3.1/../../../../arm-none-eabi/lib/thumb/v7-m/nofp\libc_nano.a(libc_a-findfp.o) (__sread)
C:/ST/STM32CubeIDE_1.19.0/STM32CubeIDE/plugins/com.st.stm32cube.ide.mcu.externaltools.gnu-tools-for-stm32.13.3.rel1.win32_1.0.0.202411081344/tools/bin/../lib/gcc/arm-none-eabi/13.3.1/../../../../arm-none-eabi/lib/thumb/v7-m/nofp\libc_nano.a(libc_a-memset.o)
                              C:/ST/STM32CubeIDE_1.19.0/STM32CubeIDE/plugins/com.st.stm32cube.ide.mcu.externaltools.gnu-tools-for-stm32.13.3.rel1.win32_1.0.0.202411081344/tools/bin/../lib/gcc/arm-none-eabi/13.3.1/../../../../arm-none-eabi/lib/thumb/v7-m/nofp/crt0.o (memset)
C:/ST/STM32CubeIDE_1.19.0/STM32CubeIDE/plugins/com.st.stm32cube.ide.mcu.externaltools.gnu-tools-for-stm32.13.3.rel1.win32_1.0.0.202411081344/tools/bin/../lib/gcc/arm-none-eabi/13.3.1/../../../../arm-none-eabi/lib/thumb/v7-m/nofp\libc_nano.a(libc_a-closer.o)
                              C:/ST/STM32CubeIDE_1.19.0/STM32CubeIDE/plugins/com.st.stm32cube.ide.mcu.externaltools.gnu-tools-for-stm32.13.3.rel1.win32_1.0.0.202411081344/tools/bin/../lib/gcc/arm-none-eabi/13.3.1/../../../../arm-none-eabi/lib/thumb/v7-m/nofp\libc_nano.a(libc_a-stdio.o) (_close_r)
C:/ST/STM32CubeIDE_1.19.0/STM32CubeIDE/plugins/com.st.stm32cube.ide.mcu.externaltools.gnu-tools-for-stm32.13.3.rel1.win32_1.0.0.202411081344/tools/bin/../lib/gcc/arm-none-eabi/13.3.1/../../../../arm-none-eabi/lib/thumb/v7-m/nofp\libc_nano.a(libc_a-reent.o)
                              C:/ST/STM32CubeIDE_1.19.0/STM32CubeIDE/plugins/com.st.stm32cube.ide.mcu.externaltools.gnu-tools-for-stm32.13.3.rel1.win32_1.0.0.202411081344/tools/bin/../lib/gcc/arm-none-eabi/13.3.1/../../../../arm-none-eabi/lib/thumb/v7-m/nofp\libc_nano.a(libc_a-closer.o) (errno)
C:/ST/STM32CubeIDE_1.19.0/STM32CubeIDE/plugins/com.st.stm32cube.ide.mcu.externaltools.gnu-tools-for-stm32.13.3.rel1.win32_1.0.0.202411081344/tools/bin/../lib/gcc/arm-none-eabi/13.3.1/../../../../arm-none-eabi/lib/thumb/v7-m/nofp\libc_nano.a(libc_a-impure.o)
                              C:/ST/STM32CubeIDE_1.19.0/STM32CubeIDE/plugins/com.st.stm32cube.ide.mcu.externaltools.gnu-tools-for-stm32.13.3.rel1.win32_1.0.0.202411081344/tools/bin/../lib/gcc/arm-none-eabi/13.3.1/../../../../arm-none-eabi/lib/thumb/v7-m/nofp\libc_nano.a(libc_a-reent.o) (_impure_ptr)
C:/ST/STM32CubeIDE_1.19.0/STM32CubeIDE/plugins/com.st.stm32cube.ide.mcu.externaltools.gnu-tools-for-stm32.13.3.rel1.win32_1.0.0.202411081344/tools/bin/../lib/gcc/arm-none-eabi/13.3.1/../../../../arm-none-eabi/lib/thumb/v7-m/nofp\libc_nano.a(libc_a-lseekr.o)
[...]
Memory Configuration

Name             Origin             Length             Attributes
RAM              0x20000000         0x00002800         xrw
FLASH            0x08000000         0x00008000         xr
*default*        0x00000000         0xffffffff

Linker script and memory map

LOAD C:/ST/STM32CubeIDE_1.19.0/STM32CubeIDE/plugins/com.st.stm32cube.ide.mcu.externaltools.gnu-tools-for-stm32.13.3.rel1.win32_1.0.0.202411081344/tools/bin/../lib/gcc/arm-none-eabi/13.3.1/thumb/v7-m/nofp/crti.o
LOAD C:/ST/STM32CubeIDE_1.19.0/STM32CubeIDE/plugins/com.st.stm32cube.ide.mcu.externaltools.gnu-tools-for-stm32.13.3.rel1.win32_1.0.0.202411081344/tools/bin/../lib/gcc/arm-none-eabi/13.3.1/thumb/v7-m/nofp/crtbegin.o
LOAD C:/ST/STM32CubeIDE_1.19.0/STM32CubeIDE/plugins/com.st.stm32cube.ide.mcu.externaltools.gnu-tools-for-stm32.13.3.rel1.win32_1.0.0.202411081344/tools/bin/../lib/gcc/arm-none-eabi/13.3.1/../../../../arm-none-eabi/lib/thumb/v7-m/nofp/crt0.o
LOAD ./Core/Src/button.o
LOAD ./Core/Src/display.o
LOAD ./Core/Src/fsm.o
LOAD ./Core/Src/main.o
LOAD ./Core/Src/scheduler.o
LOAD ./Core/Src/stm32f1xx_hal_msp.o
LOAD ./Core/Src/stm32f1xx_it.o
LOAD ./Core/Src/syscalls.o
LOAD ./Core/Src/sysmem.o
LOAD ./Core/Src/system_stm32f1xx.o
LOAD ./Core/Startup/startup_stm32f103c6ux.o
LOAD ./Drivers/STM32F1xx_HAL_Driver/Src/stm32f1xx_hal.o
LOAD ./Drivers/STM32F1xx_HAL_Driver/Src/stm32f1xx_hal_cortex.o
LOAD ./Drivers/STM32F1xx_HAL_Driver/Src/stm32f1xx_hal_dma.o
LOAD ./Drivers/STM32F1xx_HAL_Driver/Src/stm32f1xx_hal_exti.o
LOAD ./Drivers/STM32F1xx_HAL_Driver/Src/stm32f1xx_hal_flash.o
LOAD ./Drivers/STM32F1xx_HAL_Driver/Src/stm32f1xx_hal_flash_ex.o
LOAD ./Drivers/STM32F1xx_HAL_Driver/Src/stm32f1xx_hal_gpio.o
LOAD ./Drivers/STM32F1xx_HAL_Driver/Src/stm32f1xx_hal_gpio_ex.o
LOAD ./Drivers/STM32F1xx_HAL_Driver/Src/stm32f1xx_hal_pwr.o
LOAD ./Drivers/STM32F1xx_HAL_Driver/Src/stm32f1xx_hal_rcc.o
LOAD ./Drivers/STM32F1xx_HAL_Driver/Src/stm32f1xx_hal_rcc_ex.o
LOAD ./Drivers/STM32F1xx_HAL_Driver/Src/stm32f1xx_hal_tim.o
LOAD ./Drivers/STM32F1xx_HAL_Driver/Src/stm32f1xx_hal_tim_ex.o
START GROUP
LOAD C:/ST/STM32CubeIDE_1.19.0/STM32CubeIDE/plugins/com.st.stm32cube.ide.mcu.externaltools.gnu-tools-for-stm32.13.3.rel1.win32_1.0.0.202411081344/tools/bin/../lib/gcc/arm-none-eabi/13.3.1/../../../../arm-none-eabi/lib/thumb/v7-m/nofp\libc_nano.a
LOAD C:/ST/STM32CubeIDE_1.19.0/STM32CubeIDE/plugins/com.st.stm32cube.ide.mcu.externaltools.gnu-tools-for-stm32.13.3.rel1.win32_1.0.0.202411081344/tools/bin/../lib/gcc/arm-none-eabi/13.3.1/../../../../arm-none-eabi/lib/thumb/v7-m/nofp\libm.a
END GROUP
START GROUP
LOAD C:/ST/STM32CubeIDE_1.19.0/STM32CubeIDE/plugins/com.st.stm32cube.ide.mcu.externaltools.gnu-tools-for-stm32.13.3.rel1.win32_1.0.0.202411081344/tools/bin/../lib/gcc/arm-none-eabi/13.3.1/thumb/v7-m/nofp\libgcc.a
LOAD C:/ST/STM32CubeIDE_1.19.0/STM32CubeIDE/plugins/com.st.stm32cube.ide.mcu.externaltools.gnu-tools-for-stm32.13.3.rel1.win32_1.0.0.202411081344/tools/bin/../lib/gcc/arm-none-eabi/13.3.1/../../../../arm-none-eabi/lib/thumb/v7-m/nofp\libc_nano.a
END GROUP
START GROUP
LOAD C:/ST/STM32CubeIDE_1.19.0/STM32CubeIDE/plugins/com.st.stm32cube.ide.mcu.externaltools.gnu-tools-for-stm32.13.3.rel1.win32_1.0.0.202411081344/tools/bin/../lib/gcc/arm-none-eabi/13.3.1/thumb/v7-m/nofp\libgcc.a
LOAD C:/ST/STM32CubeIDE_1.19.0/STM32CubeIDE/plugins/com.st.stm32cube.ide.mcu.externaltools.gnu-tools-for-stm32.13.3.rel1.win32_1.0.0.202411081344/tools/bin/../lib/gcc/arm-none-eabi/13.3.1/../../../../arm-none-eabi/lib/thumb/v7-m/nofp\libc_nano.a
LOAD C:/ST/STM32CubeIDE_1.19.0/STM32CubeIDE/plugins/com.st.stm32cube.ide.mcu.externaltools.gnu-tools-for-stm32.13.3.rel1.win32_1.0.0.202411081344/tools/bin/../lib/gcc/arm-none-eabi/13.3.1/../../../../arm-none-eabi/lib/thumb/v7-m/nofp\libnosys.a
END GROUP
START GROUP
LOAD C:/ST/STM32CubeIDE_1.19.0/STM32CubeIDE/plugins/com.st.stm32cube.ide.mcu.externaltools.gnu-tools-for-stm32.13.3.rel1.win32_1.0.0.202411081344/tools/bin/../lib/gcc/arm-none-eabi/13.3.1/thumb/v7-m/nofp\libgcc.a
LOAD C:/ST/STM32CubeIDE_1.19.0/STM32CubeIDE/plugins/com.st.stm32cube.ide.mcu.externaltools.gnu-tools-for-stm32.13.3.rel1.win32_1.0.0.202411081344/tools/bin/../lib/gcc/arm-none-eabi/13.3.1/../../../../arm-none-eabi/lib/thumb/v7-m/nofp\libc_nano.a
LOAD C:/ST/STM32CubeIDE_1.19.0/STM32CubeIDE/plugins/com.st.stm32cube.ide.mcu.externaltools.gnu-tools-for-stm32.13.3.rel1.win32_1.0.0.202411081344/tools/bin/../lib/gcc/arm-none-eabi/13.3.1/../../../../arm-none-eabi/lib/thumb/v7-m/nofp\libnosys.a
END GROUP
LOAD C:/ST/STM32CubeIDE_1.19.0/STM32CubeIDE/plugins/com.st.stm32cube.ide.mcu.externaltools.gnu-tools-for-stm32.13.3.rel1.win32_1.0.0.202411081344/tools/bin/../lib/gcc/arm-none-eabi/13.3.1/thumb/v7-m/nofp/crtend.o
LOAD C:/ST/STM32CubeIDE_1.19.0/STM32CubeIDE/plugins/com.st.stm32cube.ide.mcu.externaltools.gnu-tools-for-stm32.13.3.rel1.win32_1.0.0.202411081344/tools/bin/../lib/gcc/arm-none-eabi/13.3.1/thumb/v7-m/nofp/crtn.o
                0x20002800                        _estack = (ORIGIN (RAM) + LENGTH (RAM))
                0x00000200                        _Min_Heap_Size = 0x200
                0x00000400                        _Min_Stack_Size = 0x400

.isr_vector     0x08000000      0x10c
                0x08000000                        . = ALIGN (0x4)
 *(.isr_vector)
 .isr_vector    0x08000000      0x10c ./Core/Startup/startup_stm32f103c6ux.o
                0x08000000                g_pfnVectors
                0x0800010c                        . = ALIGN (0x4)

.text           0x0800010c     0x2568
                0x0800010c                        . = ALIGN (0x4)
 *(.text)
 .text          0x0800010c       0x40 C:/ST/STM32CubeIDE_1.19.0/STM32CubeIDE/plugins/com.st.stm32cube.ide.mcu.externaltools.gnu-tools-for-stm32.13.3.rel1.win32_1.0.0.202411081344/tools/bin/../lib/gcc/arm-none-eabi/13.3.1/thumb/v7-m/nofp/crtbegin.o
 *(.text*)
 .text.subKeyProcess
                0x0800014c       0x20 ./Core/Src/button.o
                0x0800014c                subKeyProcess
 .text.isButtonPressed
                0x0800016c       0x44 ./Core/Src/button.o
                0x0800016c                isButtonPressed
 .text.getKeyInput
                0x080001b0      0x138 ./Core/Src/button.o
                0x080001b0                getKeyInput
 .text.Task_Button_Read
                0x080002e8       0x10 ./Core/Src/button.o
                0x080002e8                Task_Button_Read
 .text.setNumber
                0x080002f8       0xa0 ./Core/Src/display.o
                0x080002f8                setNumber
 .text.display7seg_output
                0x08000398       0x7c ./Core/Src/display.o
 .text.disableAllEN
                0x08000414       0x18 ./Core/Src/display.o
 .text.update   0x0800042c       0xa0 ./Core/Src/display.o
                0x0800042c                update
 .text.Task_Display_Update
                0x080004cc       0x24 ./Core/Src/display.o
                0x080004cc                Task_Display_Update
 .text.setTrafficLED
                0x080004f0       0xa0 ./Core/Src/fsm.o
                0x080004f0                setTrafficLED
 .text.check_button
                0x08000590      0x168 ./Core/Src/fsm.o
                0x08000590                check_button
 .text.enterState
                0x080006f8       0x34 ./Core/Src/fsm.o
                0x080006f8                enterState
 .text.mode_normal
                0x0800072c      0x15c ./Core/Src/fsm.o
                0x0800072c                mode_normal
 .text.blinkLED
                0x08000888      0x148 ./Core/Src/fsm.o
                0x08000888                blinkLED
 .text.Task_FSM
                0x080009d0       0x1c ./Core/Src/fsm.o
                0x080009d0                Task_FSM
 .text.Task_BlinkLED
                0x080009ec       0x48 ./Core/Src/fsm.o
                0x080009ec                Task_BlinkLED
 .text.main     0x08000a34       0x80 ./Core/Src/main.o
                0x08000a34                main
 .text.SystemClock_Config
                0x08000ab4       0x76 ./Core/Src/main.o
                0x08000ab4                SystemClock_Config
 *fill*         0x08000b2a        0x2 
 .text.MX_TIM2_Init
                0x08000b2c       0x98 ./Core/Src/main.o
 .text.MX_GPIO_Init
                0x08000bc4       0xfc ./Core/Src/main.o
 .text.HAL_TIM_PeriodElapsedCallback
                0x08000cc0       0x14 ./Core/Src/main.o
                0x08000cc0                HAL_TIM_PeriodElapsedCallback
 .text.Error_Handler
                0x08000cd4        0xc ./Core/Src/main.o
                0x08000cd4                Error_Handler
 .text.SCH_Update
                0x08000ce0       0xb8 ./Core/Src/scheduler.o
                0x08000ce0                SCH_Update
 .text.SCH_Dispatch_Tasks
                0x08000d98       0x7c ./Core/Src/scheduler.o
                0x08000d98                SCH_Dispatch_Tasks
 .text.SCH_Add_Task
                0x08000e14       0x78 ./Core/Src/scheduler.o
                0x08000e14                SCH_Add_Task
 .text.SCH_Delete_Task
                0x08000e8c       0x5c ./Core/Src/scheduler.o
                0x08000e8c                SCH_Delete_Task
 .text.HAL_MspInit
                0x08000ee8       0x64 ./Core/Src/stm32f1xx_hal_msp.o
                0x08000ee8                HAL_MspInit
 .text.HAL_TIM_Base_MspInit
                0x08000f4c       0x48 ./Core/Src/stm32f1xx_hal_msp.o
                0x08000f4c                HAL_TIM_Base_MspInit
 .text.NMI_Handler
                0x08000f94        0x8 ./Core/Src/stm32f1xx_it.o
                0x08000f94                NMI_Handler
 .text.HardFault_Handler
                0x08000f9c        0x8 ./Core/Src/stm32f1xx_it.o
                0x08000f9c                HardFault_Handler
 .text.MemManage_Handler
                0x08000fa4        0x8 ./Core/Src/stm32f1xx_it.o
                0x08000fa4                MemManage_Handler
 .text.BusFault_Handler
                0x08000fac        0x8 ./Core/Src/stm32f1xx_it.o
                0x08000fac                BusFault_Handler
 .text.UsageFault_Handler
                0x08000fb4        0x8 ./Core/Src/stm32f1xx_it.o
                0x08000fb4                UsageFault_Handler
 .text.SVC_Handler
                0x08000fbc        0xc ./Core/Src/stm32f1xx_it.o
                0x08000fbc                SVC_Handler
 .text.DebugMon_Handler
                0x08000fc8        0xc ./Core/Src/stm32f1xx_it.o
                0x08000fc8                DebugMon_Handler
 .text.PendSV_Handler
                0x08000fd4        0xc ./Core/Src/stm32f1xx_it.o
                0x08000fd4                PendSV_Handler
 .text.SysTick_Handler
                0x08000fe0        0xc ./Core/Src/stm32f1xx_it.o
                0x08000fe0                SysTick_Handler
 .text.TIM2_IRQHandler
                0x08000fec       0x14 ./Core/Src/stm32f1xx_it.o
                0x08000fec                TIM2_IRQHandler
 .text.SystemInit
                0x08001000        0xc ./Core/Src/system_stm32f1xx.o
                0x08001000                SystemInit
 .text.Reset_Handler
                0x0800100c       0x48 ./Core/Startup/startup_stm32f103c6ux.o
                0x0800100c                Reset_Handler
 .text.Default_Handler
                0x08001054        0x2 ./Core/Startup/startup_stm32f103c6ux.o
                0x08001054                RTC_Alarm_IRQHandler
                0x08001054                EXTI2_IRQHandler
                0x08001054                TIM1_CC_IRQHandler
                0x08001054                PVD_IRQHandler
                0x08001054                EXTI3_IRQHandler
                0x08001054                EXTI0_IRQHandler
                0x08001054                ADC1_2_IRQHandler
                0x08001054                SPI1_IRQHandler
                0x08001054                TAMPER_IRQHandler
                0x08001054                DMA1_Channel4_IRQHandler
                0x08001054                RTC_IRQHandler
                0x08001054                DMA1_Channel7_IRQHandler
                0x08001054                CAN1_RX1_IRQHandler
                0x08001054                I2C1_EV_IRQHandler
                0x08001054                DMA1_Channel6_IRQHandler
                0x08001054                TIM3_IRQHandler
                0x08001054                RCC_IRQHandler
                0x08001054                TIM1_TRG_COM_IRQHandler
                0x08001054                DMA1_Channel1_IRQHandler
                0x08001054                Default_Handler
                0x08001054                EXTI15_10_IRQHandler
                0x08001054                EXTI9_5_IRQHandler
                0x08001054                DMA1_Channel5_IRQHandler
                0x08001054                EXTI4_IRQHandler
                0x08001054                USB_LP_CAN1_RX0_IRQHandler
                0x08001054                USB_HP_CAN1_TX_IRQHandler
                0x08001054                DMA1_Channel3_IRQHandler
                0x08001054                TIM1_UP_IRQHandler
                0x08001054                WWDG_IRQHandler
                0x08001054                TIM1_BRK_IRQHandler
                0x08001054                EXTI1_IRQHandler
                0x08001054                USART2_IRQHandler
                0x08001054                DMA1_Channel2_IRQHandler
                0x08001054                CAN1_SCE_IRQHandler
                0x08001054                FLASH_IRQHandler
                0x08001054                USART1_IRQHandler
                0x08001054                I2C1_ER_IRQHandler
                0x08001054                USBWakeUp_IRQHandler
 *fill*         0x08001056        0x2 
 .text.HAL_Init
                0x08001058       0x2c ./Drivers/STM32F1xx_HAL_Driver/Src/stm32f1xx_hal.o
                0x08001058                HAL_Init
 .text.HAL_InitTick
                0x08001084       0x60 ./Drivers/STM32F1xx_HAL_Driver/Src/stm32f1xx_hal.o
                0x08001084                HAL_InitTick
 .text.HAL_IncTick
                0x080010e4       0x24 ./Drivers/STM32F1xx_HAL_Driver/Src/stm32f1xx_hal.o
                0x080010e4                HAL_IncTick
 .text.HAL_GetTick
                0x08001108       0x14 ./Drivers/STM32F1xx_HAL_Driver/Src/stm32f1xx_hal.o
                0x08001108                HAL_GetTick
 .text.__NVIC_SetPriorityGrouping
                0x0800111c       0x48 ./Drivers/STM32F1xx_HAL_Driver/Src/stm32f1xx_hal_cortex.o
 .text.__NVIC_GetPriorityGrouping
                0x08001164       0x1c ./Drivers/STM32F1xx_HAL_Driver/Src/stm32f1xx_hal_cortex.o
 .text.__NVIC_EnableIRQ
                0x08001180       0x38 ./Drivers/STM32F1xx_HAL_Driver/Src/stm32f1xx_hal_cortex.o
 .text.__NVIC_SetPriority
                0x080011b8       0x54 ./Drivers/STM32F1xx_HAL_Driver/Src/stm32f1xx_hal_cortex.o
 .text.NVIC_EncodePriority
                0x0800120c       0x64 ./Drivers/STM32F1xx_HAL_Driver/Src/stm32f1xx_hal_cortex.o
 .text.SysTick_Config
                0x08001270       0x44 ./Drivers/STM32F1xx_HAL_Driver/Src/stm32f1xx_hal_cortex.o
 .text.HAL_NVIC_SetPriorityGrouping
                0x080012b4       0x16 ./Drivers/STM32F1xx_HAL_Driver/Src/stm32f1xx_hal_cortex.o
                0x080012b4                HAL_NVIC_SetPriorityGrouping
 .text.HAL_NVIC_SetPriority
                0x080012ca       0x38 ./Drivers/STM32F1xx_HAL_Driver/Src/stm32f1xx_hal_cortex.o
                0x080012ca                HAL_NVIC_SetPriority
 .text.HAL_NVIC_EnableIRQ
                0x08001302       0x1c ./Drivers/STM32F1xx_HAL_Driver/Src/stm32f1xx_hal_cortex.o
                0x08001302                HAL_NVIC_EnableIRQ
 .text.HAL_SYSTICK_Config
                0x0800131e       0x18 ./Drivers/STM32F1xx_HAL_Driver/Src/stm32f1xx_hal_cortex.o
                0x0800131e                HAL_SYSTICK_Config
 *fill*         0x08001336        0x2 
 .text.HAL_GPIO_Init
                0x08001338      0x2f8 ./Drivers/STM32F1xx_HAL_Driver/Src/stm32f1xx_hal_gpio.o
                0x08001338                HAL_GPIO_Init
 .text.HAL_GPIO_ReadPin
                0x08001630       0x2e ./Drivers/STM32F1xx_HAL_Driver/Src/stm32f1xx_hal_gpio.o
                0x08001630                HAL_GPIO_ReadPin
 .text.HAL_GPIO_WritePin
                0x0800165e       0x30 ./Drivers/STM32F1xx_HAL_Driver/Src/stm32f1xx_hal_gpio.o
                0x0800165e                HAL_GPIO_WritePin
 *fill*         0x0800168e        0x2 
 .text.HAL_RCC_OscConfig
                0x08001690      0x504 ./Drivers/STM32F1xx_HAL_Driver/Src/stm32f1xx_hal_rcc.o
                0x08001690                HAL_RCC_OscConfig
 .text.HAL_RCC_ClockConfig
                0x08001b94      0x1d4 ./Drivers/STM32F1xx_HAL_Driver/Src/stm32f1xx_hal_rcc.o
                0x08001b94                HAL_RCC_ClockConfig
 .text.HAL_RCC_GetSysClockFreq
                0x08001d68       0xa8 ./Drivers/STM32F1xx_HAL_Driver/Src/stm32f1xx_hal_rcc.o
                0x08001d68                HAL_RCC_GetSysClockFreq
 .text.RCC_Delay
                0x08001e10       0x3c ./Drivers/STM32F1xx_HAL_Driver/Src/stm32f1xx_hal_rcc.o
 .text.HAL_TIM_Base_Init
                0x08001e4c       0x9e ./Drivers/STM32F1xx_HAL_Driver/Src/stm32f1xx_hal_tim.o
                0x08001e4c                HAL_TIM_Base_Init
 *fill*         0x08001eea        0x2 
 .text.HAL_TIM_Base_Start_IT
                0x08001eec       0x98 ./Drivers/STM32F1xx_HAL_Driver/Src/stm32f1xx_hal_tim.o
                0x08001eec                HAL_TIM_Base_Start_IT
 .text.HAL_TIM_IRQHandler
                0x08001f84      0x1e0 ./Drivers/STM32F1xx_HAL_Driver/Src/stm32f1xx_hal_tim.o
                0x08001f84                HAL_TIM_IRQHandler
 .text.HAL_TIM_ConfigClockSource
                0x08002164      0x18e ./Drivers/STM32F1xx_HAL_Driver/Src/stm32f1xx_hal_tim.o
                0x08002164                HAL_TIM_ConfigClockSource
 .text.HAL_TIM_OC_DelayElapsedCallback
                0x080022f2       0x12 ./Drivers/STM32F1xx_HAL_Driver/Src/stm32f1xx_hal_tim.o
                0x080022f2                HAL_TIM_OC_DelayElapsedCallback
 .text.HAL_TIM_IC_CaptureCallback
                0x08002304       0x12 ./Drivers/STM32F1xx_HAL_Driver/Src/stm32f1xx_hal_tim.o
                0x08002304                HAL_TIM_IC_CaptureCallback
 .text.HAL_TIM_PWM_PulseFinishedCallback
                0x08002316       0x12 ./Drivers/STM32F1xx_HAL_Driver/Src/stm32f1xx_hal_tim.o
                0x08002316                HAL_TIM_PWM_PulseFinishedCallback
 .text.HAL_TIM_TriggerCallback
                0x08002328       0x12 ./Drivers/STM32F1xx_HAL_Driver/Src/stm32f1xx_hal_tim.o
                0x08002328                HAL_TIM_TriggerCallback
 *fill*         0x0800233a        0x2 
 .text.TIM_Base_SetConfig
                0x0800233c       0xc8 ./Drivers/STM32F1xx_HAL_Driver/Src/stm32f1xx_hal_tim.o
                0x0800233c                TIM_Base_SetConfig
 .text.TIM_TI1_ConfigInputStage
                0x08002404       0x5c ./Drivers/STM32F1xx_HAL_Driver/Src/stm32f1xx_hal_tim.o
 .text.TIM_TI2_ConfigInputStage
                0x08002460       0x5e ./Drivers/STM32F1xx_HAL_Driver/Src/stm32f1xx_hal_tim.o
 .text.TIM_ITRx_SetConfig
                0x080024be       0x34 ./Drivers/STM32F1xx_HAL_Driver/Src/stm32f1xx_hal_tim.o
 .text.TIM_ETR_SetConfig
                0x080024f2       0x3e ./Drivers/STM32F1xx_HAL_Driver/Src/stm32f1xx_hal_tim.o
                0x080024f2                TIM_ETR_SetConfig
 .text.HAL_TIMEx_MasterConfigSynchronization
                0x08002530       0xb0 ./Drivers/STM32F1xx_HAL_Driver/Src/stm32f1xx_hal_tim_ex.o
                0x08002530                HAL_TIMEx_MasterConfigSynchronization
 .text.HAL_TIMEx_CommutCallback
                0x080025e0       0x12 ./Drivers/STM32F1xx_HAL_Driver/Src/stm32f1xx_hal_tim_ex.o
                0x080025e0                HAL_TIMEx_CommutCallback
 .text.HAL_TIMEx_BreakCallback
                0x080025f2       0x12 ./Drivers/STM32F1xx_HAL_Driver/Src/stm32f1xx_hal_tim_ex.o
                0x080025f2                HAL_TIMEx_BreakCallback
 .text.memset   0x08002604       0x10 C:/ST/STM32CubeIDE_1.19.0/STM32CubeIDE/plugins/com.st.stm32cube.ide.mcu.externaltools.gnu-tools-for-stm32.13.3.rel1.win32_1.0.0.202411081344/tools/bin/../lib/gcc/arm-none-eabi/13.3.1/../../../../arm-none-eabi/lib/thumb/v7-m/nofp\libc_nano.a(libc_a-memset.o)
                0x08002604                memset
 .text.__libc_init_array
                0x08002614       0x48 C:/ST/STM32CubeIDE_1.19.0/STM32CubeIDE/plugins/com.st.stm32cube.ide.mcu.externaltools.gnu-tools-for-stm32.13.3.rel1.win32_1.0.0.202411081344/tools/bin/../lib/gcc/arm-none-eabi/13.3.1/../../../../arm-none-eabi/lib/thumb/v7-m/nofp\libc_nano.a(libc_a-init.o)
                0x08002614                __libc_init_array
 *(.glue_7)
 .glue_7        0x0800265c        0x0 linker stubs
 *(.glue_7t)
 .glue_7t       0x0800265c        0x0 linker stubs
 *(.eh_frame)
 .eh_frame      0x0800265c        0x0 C:/ST/STM32CubeIDE_1.19.0/STM32CubeIDE/plugins/com.st.stm32cube.ide.mcu.externaltools.gnu-tools-for-stm32.13.3.rel1.win32_1.0.0.202411081344/tools/bin/../lib/gcc/arm-none-eabi/13.3.1/thumb/v7-m/nofp/crtbegin.o
 *(.init)
 .init          0x0800265c        0x4 C:/ST/STM32CubeIDE_1.19.0/STM32CubeIDE/plugins/com.st.stm32cube.ide.mcu.externaltools.gnu-tools-for-stm32.13.3.rel1.win32_1.0.0.202411081344/tools/bin/../lib/gcc/arm-none-eabi/13.3.1/thumb/v7-m/nofp/crti.o
                0x0800265c                _init
 .init          0x08002660        0x8 C:/ST/STM32CubeIDE_1.19.0/STM32CubeIDE/plugins/com.st.stm32cube.ide.mcu.externaltools.gnu-tools-for-stm32.13.3.rel1.win32_1.0.0.202411081344/tools/bin/../lib/gcc/arm-none-eabi/13.3.1/thumb/v7-m/nofp/crtn.o
 *(.fini)
 .fini          0x08002668        0x4 C:/ST/STM32CubeIDE_1.19.0/STM32CubeIDE/plugins/com.st.stm32cube.ide.mcu.externaltools.gnu-tools-for-stm32.13.3.rel1.win32_1.0.0.202411081344/tools/bin/../lib/gcc/arm-none-eabi/13.3.1/thumb/v7-m/nofp/crti.o
                0x08002668                _fini
 .fini          0x0800266c        0x8 C:/ST/STM32CubeIDE_1.19.0/STM32CubeIDE/plugins/com.st.stm32cube.ide.mcu.externaltools.gnu-tools-for-stm32.13.3.rel1.win32_1.0.0.202411081344/tools/bin/../lib/gcc/arm-none-eabi/13.3.1/thumb/v7-m/nofp/crtn.o
                0x08002674                        . = ALIGN (0x4)
                0x08002674                        _etext = .

.vfp11_veneer   0x08002674        0x0
 .vfp11_veneer  0x08002674        0x0 linker stubs

.v4_bx          0x08002674        0x0
 .v4_bx         0x08002674        0x0 linker stubs

.iplt           0x08002674        0x0
 .iplt          0x08002674        0x0 C:/ST/STM32CubeIDE_1.19.0/STM32CubeIDE/plugins/com.st.stm32cube.ide.mcu.externaltools.gnu-tools-for-stm32.13.3.rel1.win32_1.0.0.202411081344/tools/bin/../lib/gcc/arm-none-eabi/13.3.1/thumb/v7-m/nofp/crtbegin.o

.rodata         0x08002674       0x30
                0x08002674                        . = ALIGN (0x4)
 *(.rodata)
 *(.rodata*)
 .rodata.segNumber
                0x08002674        0xa ./Core/Src/display.o
                0x08002674                segNumber
 *fill*         0x0800267e        0x2 
 .rodata.AHBPrescTable
                0x08002680       0x10 ./Core/Src/system_stm32f1xx.o
                0x08002680                AHBPrescTable
 .rodata.aPLLMULFactorTable.1
                0x08002690       0x10 ./Drivers/STM32F1xx_HAL_Driver/Src/stm32f1xx_hal_rcc.o
 .rodata.aPredivFactorTable.0
                0x080026a0        0x2 ./Drivers/STM32F1xx_HAL_Driver/Src/stm32f1xx_hal_rcc.o
                0x080026a4                        . = ALIGN (0x4)
 *fill*         0x080026a2        0x2 

.ARM.extab      0x080026a4        0x0
                0x080026a4                        . = ALIGN (0x4)
 *(.ARM.extab* .gnu.linkonce.armextab.*)
                0x080026a4                        . = ALIGN (0x4)

.ARM            0x080026a4        0x0
                0x080026a4                        . = ALIGN (0x4)
                0x080026a4                        __exidx_start = .
 *(.ARM.exidx*)
                0x080026a4                        __exidx_end = .
                0x080026a4                        . = ALIGN (0x4)

.preinit_array  0x080026a4        0x0
                0x080026a4                        . = ALIGN (0x4)
                0x080026a4                        PROVIDE (__preinit_array_start = .)
 *(.preinit_array*)
                0x080026a4                        PROVIDE (__preinit_array_end = .)
                0x080026a4                        . = ALIGN (0x4)

.init_array     0x080026a4        0x4
                0x080026a4                        . = ALIGN (0x4)
                0x080026a4                        PROVIDE (__init_array_start = .)
 *(SORT_BY_NAME(.init_array.*))
 *(.init_array*)
 .init_array    0x080026a4        0x4 C:/ST/STM32CubeIDE_1.19.0/STM32CubeIDE/plugins/com.st.stm32cube.ide.mcu.externaltools.gnu-tools-for-stm32.13.3.rel1.win32_1.0.0.202411081344/tools/bin/../lib/gcc/arm-none-eabi/13.3.1/thumb/v7-m/nofp/crtbegin.o
                0x080026a8                        PROVIDE (__init_array_end = .)
                0x080026a8                        . = ALIGN (0x4)

.fini_array     0x080026a8        0x4
                0x080026a8                        . = ALIGN (0x4)
                [!provide]                        PROVIDE (__fini_array_start = .)
 *(SORT_BY_NAME(.fini_array.*))
 *(.fini_array*)
 .fini_array    0x080026a8        0x4 C:/ST/STM32CubeIDE_1.19.0/STM32CubeIDE/plugins/com.st.stm32cube.ide.mcu.externaltools.gnu-tools-for-stm32.13.3.rel1.win32_1.0.0.202411081344/tools/bin/../lib/gcc/arm-none-eabi/13.3.1/thumb/v7-m/nofp/crtbegin.o
                [!provide]                        PROVIDE (__fini_array_end = .)
                0x080026ac                        . = ALIGN (0x4)
                0x080026ac                        _sidata = LOADADDR (.data)

.rel.dyn        0x080026ac        0x0
 .rel.iplt      0x080026ac        0x0 C:/ST/STM32CubeIDE_1.19.0/STM32CubeIDE/plugins/com.st.stm32cube.ide.mcu.externaltools.gnu-tools-for-stm32.13.3.rel1.win32_1.0.0.202411081344/tools/bin/../lib/gcc/arm-none-eabi/13.3.1/thumb/v7-m/nofp/crtbegin.o

.data           0x20000000       0x38 load address 0x080026ac
                0x20000000                        . = ALIGN (0x4)
                0x20000000                        _sdata = .
 *(.data)
 *(.data*)
 .data.button_state
                0x20000000        0xc ./Core/Src/button.o
                0x20000000                button_state
 .data.status   0x2000000c        0x4 ./Core/Src/fsm.o
                0x2000000c                status
 .data.led1_time
                0x20000010        0x4 ./Core/Src/fsm.o
 .data.led2_time
                0x20000014        0x4 ./Core/Src/fsm.o
 .data.red_time
                0x20000018        0x4 ./Core/Src/fsm.o
 .data.yellow_time
                0x2000001c        0x4 ./Core/Src/fsm.o
 .data.green_time
                0x20000020        0x4 ./Core/Src/fsm.o
 .data.flag     0x20000024        0x4 ./Core/Src/fsm.o
 .data.index    0x20000028        0x4 ./Core/Src/fsm.o
 .data.SystemCoreClock
                0x2000002c        0x4 ./Core/Src/system_stm32f1xx.o
                0x2000002c                SystemCoreClock
 .data.uwTickPrio
                0x20000030        0x4 ./Drivers/STM32F1xx_HAL_Driver/Src/stm32f1xx_hal.o
                0x20000030                uwTickPrio
 .data.uwTickFreq
                0x20000034        0x1 ./Drivers/STM32F1xx_HAL_Driver/Src/stm32f1xx_hal.o
                0x20000034                uwTickFreq
 *(.RamFunc)
 *(.RamFunc*)
                0x20000038                        . = ALIGN (0x4)
 *fill*         0x20000035        0x3 
                0x20000038                        _edata = .

.igot.plt       0x20000038        0x0 load address 0x080026e4
 .igot.plt      0x20000038        0x0 C:/ST/STM32CubeIDE_1.19.0/STM32CubeIDE/plugins/com.st.stm32cube.ide.mcu.externaltools.gnu-tools-for-stm32.13.3.rel1.win32_1.0.0.202411081344/tools/bin/../lib/gcc/arm-none-eabi/13.3.1/thumb/v7-m/nofp/crtbegin.o
                0x20000038                        . = ALIGN (0x4)

.bss            0x20000038      0x16c load address 0x080026e4
                0x20000038                        _sbss = .
                0x20000038                        __bss_start__ = _sbss
 *(.bss)
 .bss           0x20000038       0x1c C:/ST/STM32CubeIDE_1.19.0/STM32CubeIDE/plugins/com.st.stm32cube.ide.mcu.externaltools.gnu-tools-for-stm32.13.3.rel1.win32_1.0.0.202411081344/tools/bin/../lib/gcc/arm-none-eabi/13.3.1/thumb/v7-m/nofp/crtbegin.o
 *(.bss*)
 .bss.button_flag
                0x20000054        0xc ./Core/Src/button.o
                0x20000054                button_flag
 .bss.button_buffer1
                0x20000060        0xc ./Core/Src/button.o
                0x20000060                button_buffer1
 .bss.button_buffer2
                0x2000006c        0xc ./Core/Src/button.o
                0x2000006c                button_buffer2
 .bss.button_buffer3
                0x20000078        0xc ./Core/Src/button.o
                0x20000078                button_buffer3
 .bss.press_timer
                0x20000084        0xc ./Core/Src/button.o
                0x20000084                press_timer
 .bss.led_buffer
                0x20000090       0x10 ./Core/Src/display.o
 .bss.index_led.0
                0x200000a0        0x4 ./Core/Src/display.o
 .bss.mode      0x200000a4        0x4 ./Core/Src/fsm.o
                0x200000a4                mode
 .bss.blink_state
                0x200000a8        0x4 ./Core/Src/fsm.o
 .bss.cnt       0x200000ac        0x4 ./Core/Src/fsm.o
 .bss.next      0x200000b0        0x4 ./Core/Src/fsm.o
 .bss.htim2     0x200000b4       0x48 ./Core/Src/main.o
                0x200000b4                htim2
 .bss.SCH_tasks
                0x200000fc       0xa0 ./Core/Src/scheduler.o
                0x200000fc                SCH_tasks
 .bss.tick_ms   0x2000019c        0x4 ./Core/Src/scheduler.o
                0x2000019c                tick_ms
 .bss.uwTick    0x200001a0        0x4 ./Drivers/STM32F1xx_HAL_Driver/Src/stm32f1xx_hal.o
                0x200001a0                uwTick
 *(COMMON)
                0x200001a4                        . = ALIGN (0x4)
                0x200001a4                        _ebss = .
                0x200001a4                        __bss_end__ = _ebss

._user_heap_stack
                0x200001a4      0x604 load address 0x080026e4
                0x200001a8                        . = ALIGN (0x8)
 *fill*         0x200001a4        0x4 
                [!provide]                        PROVIDE (end = .)
                0x200001a8                        PROVIDE (_end = .)
                0x200003a8                        . = (. + _Min_Heap_Size)
 *fill*         0x200001a8      0x200 
                0x200007a8                        . = (. + _Min_Stack_Size)
 *fill*         0x200003a8      0x400 
                0x200007a8                        . = ALIGN (0x8)

/DISCARD/
 libc.a(*)
 libm.a(*)
 libgcc.a(*)

.ARM.attributes
                0x00000000       0x29
 *(.ARM.attributes)
 .ARM.attributes
                0x00000000       0x1d C:/ST/STM32CubeIDE_1.19.0/STM32CubeIDE/plugins/com.st.stm32cube.ide.mcu.externaltools.gnu-tools-for-stm32.13.3.rel1.win32_1.0.0.202411081344/tools/bin/../lib/gcc/arm-none-eabi/13.3.1/thumb/v7-m/nofp/crti.o
 .ARM.attributes
                0x0000001d       0x2d C:/ST/STM32CubeIDE_1.19.0/STM32CubeIDE/plugins/com.st.stm32cube.ide.mcu.externaltools.gnu-tools-for-stm32.13.3.rel1.win32_1.0.0.202411081344/tools/bin/../lib/gcc/arm-none-eabi/13.3.1/thumb/v7-m/nofp/crtbegin.o
 .ARM.attributes
                0x0000004a       0x2d ./Core/Src/button.o
 .ARM.attributes
                0x00000077       0x2d ./Core/Src/display.o
 .ARM.attributes
                0x000000a4       0x2d ./Core/Src/fsm.o
 .ARM.attributes
                0x000000d1       0x2d ./Core/Src/main.o
 .ARM.attributes
                0x000000fe       0x2d ./Core/Src/scheduler.o
 .ARM.attributes
                0x0000012b       0x2d ./Core/Src/stm32f1xx_hal_msp.o
 .ARM.attributes
                0x00000158       0x2d ./Core/Src/stm32f1xx_it.o
 .ARM.attributes
                0x00000185       0x2d ./Core/Src/system_stm32f1xx.o
 .ARM.attributes
                0x000001b2       0x21 ./Core/Startup/startup_stm32f103c6ux.o
 .ARM.attributes
                0x000001d3       0x2d ./Drivers/STM32F1xx_HAL_Driver/Src/stm32f1xx_hal.o
 .ARM.attributes
                0x00000200       0x2d ./Drivers/STM32F1xx_HAL_Driver/Src/stm32f1xx_hal_cortex.o
 .ARM.attributes
                0x0000022d       0x2d ./Drivers/STM32F1xx_HAL_Driver/Src/stm32f1xx_hal_gpio.o
 .ARM.attributes
                0x0000025a       0x2d ./Drivers/STM32F1xx_HAL_Driver/Src/stm32f1xx_hal_rcc.o
 .ARM.attributes
                0x00000287       0x2d ./Drivers/STM32F1xx_HAL_Driver/Src/stm32f1xx_hal_tim.o
 .ARM.attributes
                0x000002b4       0x2d ./Drivers/STM32F1xx_HAL_Driver/Src/stm32f1xx_hal_tim_ex.o
 .ARM.attributes
                0x000002e1       0x2d C:/ST/STM32CubeIDE_1.19.0/STM32CubeIDE/plugins/com.st.stm32cube.ide.mcu.externaltools.gnu-tools-for-stm32.13.3.rel1.win32_1.0.0.202411081344/tools/bin/../lib/gcc/arm-none-eabi/13.3.1/../../../../arm-none-eabi/lib/thumb/v7-m/nofp\libc_nano.a(libc_a-memset.o)
 .ARM.attributes
                0x0000030e       0x2d C:/ST/STM32CubeIDE_1.19.0/STM32CubeIDE/plugins/com.st.stm32cube.ide.mcu.externaltools.gnu-tools-for-stm32.13.3.rel1.win32_1.0.0.202411081344/tools/bin/../lib/gcc/arm-none-eabi/13.3.1/../../../../arm-none-eabi/lib/thumb/v7-m/nofp\libc_nano.a(libc_a-init.o)
 .ARM.attributes
                0x0000033b       0x1d C:/ST/STM32CubeIDE_1.19.0/STM32CubeIDE/plugins/com.st.stm32cube.ide.mcu.externaltools.gnu-tools-for-stm32.13.3.rel1.win32_1.0.0.202411081344/tools/bin/../lib/gcc/arm-none-eabi/13.3.1/thumb/v7-m/nofp/crtn.o
OUTPUT(Lab4.elf elf32-littlearm)
LOAD linker stubs
LOAD C:/ST/STM32CubeIDE_1.19.0/STM32CubeIDE/plugins/com.st.stm32cube.ide.mcu.externaltools.gnu-tools-for-stm32.13.3.rel1.win32_1.0.0.202411081344/tools/bin/../lib/gcc/arm-none-eabi/13.3.1/../../../../arm-none-eabi/lib/thumb/v7-m/nofp\libc.a
LOAD C:/ST/STM32CubeIDE_1.19.0/STM32CubeIDE/plugins/com.st.stm32cube.ide.mcu.externaltools.gnu-tools-for-stm32.13.3.rel1.win32_1.0.0.202411081344/tools/bin/../lib/gcc/arm-none-eabi/13.3.1/../../../../arm-none-eabi/lib/thumb/v7-m/nofp\libm.a
LOAD C:/ST/STM32CubeIDE_1.19.0/STM32CubeIDE/plugins/com.st.stm32cube.ide.mcu.externaltools.gnu-tools-for-stm32.13.3.rel1.win32_1.0.0.202411081344/tools/bin/../lib/gcc/arm-none-eabi/13.3.1/thumb/v7-m/nofp\libgcc.a

.debug_info     0x00000000     0x8646
 .debug_info    0x00000000      0x287 ./Core/Src/button.o
 .debug_info    0x00000287      0x2c1 ./Core/Src/display.o
 .debug_info    0x00000548      0x3c6 ./Core/Src/fsm.o
 .debug_info    0x0000090e      0xc31 ./Core/Src/main.o
 .debug_info    0x0000153f      0x237 ./Core/Src/scheduler.o
 .debug_info    0x00001776      0x91a ./Core/Src/stm32f1xx_hal_msp.o
 .debug_info    0x00002090      0x6a1 ./Core/Src/stm32f1xx_it.o
 .debug_info    0x00002731      0x222 ./Core/Src/system_stm32f1xx.o
 .debug_info    0x00002953       0x30 ./Core/Startup/startup_stm32f103c6ux.o
 .debug_info    0x00002983      0x6e6 ./Drivers/STM32F1xx_HAL_Driver/Src/stm32f1xx_hal.o
 .debug_info    0x00003069      0xa69 ./Drivers/STM32F1xx_HAL_Driver/Src/stm32f1xx_hal_cortex.o
 .debug_info    0x00003ad2      0x5ab ./Drivers/STM32F1xx_HAL_Driver/Src/stm32f1xx_hal_gpio.o
 .debug_info    0x0000407d      0x7d5 ./Drivers/STM32F1xx_HAL_Driver/Src/stm32f1xx_hal_rcc.o
 .debug_info    0x00004852     0x2959 ./Drivers/STM32F1xx_HAL_Driver/Src/stm32f1xx_hal_tim.o
 .debug_info    0x000071ab     0x149b ./Drivers/STM32F1xx_HAL_Driver/Src/stm32f1xx_hal_tim_ex.o

.debug_abbrev   0x00000000     0x1beb
 .debug_abbrev  0x00000000      0x196 ./Core/Src/button.o
 .debug_abbrev  0x00000196      0x197 ./Core/Src/display.o
 .debug_abbrev  0x0000032d      0x1b7 ./Core/Src/fsm.o
 .debug_abbrev  0x000004e4      0x29f ./Core/Src/main.o
 .debug_abbrev  0x00000783      0x158 ./Core/Src/scheduler.o
 .debug_abbrev  0x000008db      0x1ad ./Core/Src/stm32f1xx_hal_msp.o
 .debug_abbrev  0x00000a88      0x191 ./Core/Src/stm32f1xx_it.o
 .debug_abbrev  0x00000c19      0x13f ./Core/Src/system_stm32f1xx.o
 .debug_abbrev  0x00000d58       0x24 ./Core/Startup/startup_stm32f103c6ux.o
 .debug_abbrev  0x00000d7c      0x201 ./Drivers/STM32F1xx_HAL_Driver/Src/stm32f1xx_hal.o
 .debug_abbrev  0x00000f7d      0x2f8 ./Drivers/STM32F1xx_HAL_Driver/Src/stm32f1xx_hal_cortex.o
 .debug_abbrev  0x00001275      0x1ca ./Drivers/STM32F1xx_HAL_Driver/Src/stm32f1xx_hal_gpio.o
 .debug_abbrev  0x0000143f      0x2b3 ./Drivers/STM32F1xx_HAL_Driver/Src/stm32f1xx_hal_rcc.o
 .debug_abbrev  0x000016f2      0x277 ./Drivers/STM32F1xx_HAL_Driver/Src/stm32f1xx_hal_tim.o
 .debug_abbrev  0x00001969      0x282 ./Drivers/STM32F1xx_HAL_Driver/Src/stm32f1xx_hal_tim_ex.o

.debug_aranges  0x00000000      0xa38
 .debug_aranges
                0x00000000       0x38 ./Core/Src/button.o
 .debug_aranges
                0x00000038       0x40 ./Core/Src/display.o
 .debug_aranges
                0x00000078       0x50 ./Core/Src/fsm.o
 .debug_aranges
                0x000000c8       0x48 ./Core/Src/main.o
 .debug_aranges
                0x00000110       0x40 ./Core/Src/scheduler.o
 .debug_aranges
                0x00000150       0x30 ./Core/Src/stm32f1xx_hal_msp.o
 .debug_aranges
                0x00000180       0x68 ./Core/Src/stm32f1xx_it.o
 .debug_aranges
                0x000001e8       0x28 ./Core/Src/system_stm32f1xx.o
 .debug_aranges
                0x00000210       0x28 ./Core/Startup/startup_stm32f103c6ux.o
 .debug_aranges
                0x00000238       0xe0 ./Drivers/STM32F1xx_HAL_Driver/Src/stm32f1xx_hal.o
 .debug_aranges
                0x00000318      0x100 ./Drivers/STM32F1xx_HAL_Driver/Src/stm32f1xx_hal_cortex.o
 .debug_aranges
                0x00000418       0x58 ./Drivers/STM32F1xx_HAL_Driver/Src/stm32f1xx_hal_gpio.o
 .debug_aranges
                0x00000470       0x90 ./Drivers/STM32F1xx_HAL_Driver/Src/stm32f1xx_hal_rcc.o
 .debug_aranges
                0x00000500      0x3d0 ./Drivers/STM32F1xx_HAL_Driver/Src/stm32f1xx_hal_tim.o
 .debug_aranges
                0x000008d0      0x168 ./Drivers/STM32F1xx_HAL_Driver/Src/stm32f1xx_hal_tim_ex.o

.debug_rnglists
                0x00000000      0x7d1
 .debug_rnglists
                0x00000000       0x26 ./Core/Src/button.o
 .debug_rnglists
                0x00000026       0x2d ./Core/Src/display.o
 .debug_rnglists
                0x00000053       0x3b ./Core/Src/fsm.o
 .debug_rnglists
                0x0000008e       0x34 ./Core/Src/main.o
 .debug_rnglists
                0x000000c2       0x2c ./Core/Src/scheduler.o
 .debug_rnglists
                0x000000ee       0x1f ./Core/Src/stm32f1xx_hal_msp.o
 .debug_rnglists
                0x0000010d       0x49 ./Core/Src/stm32f1xx_it.o
 .debug_rnglists
                0x00000156       0x1a ./Core/Src/system_stm32f1xx.o
 .debug_rnglists
                0x00000170       0x19 ./Core/Startup/startup_stm32f103c6ux.o
 .debug_rnglists
                0x00000189       0xa3 ./Drivers/STM32F1xx_HAL_Driver/Src/stm32f1xx_hal.o
 .debug_rnglists
                0x0000022c       0xbb ./Drivers/STM32F1xx_HAL_Driver/Src/stm32f1xx_hal_cortex.o
 .debug_rnglists
                0x000002e7       0x3f ./Drivers/STM32F1xx_HAL_Driver/Src/stm32f1xx_hal_gpio.o
 .debug_rnglists
                0x00000326       0x6c ./Drivers/STM32F1xx_HAL_Driver/Src/stm32f1xx_hal_rcc.o
 .debug_rnglists
                0x00000392      0x31a ./Drivers/STM32F1xx_HAL_Driver/Src/stm32f1xx_hal_tim.o
 .debug_rnglists
                0x000006ac      0x125 ./Drivers/STM32F1xx_HAL_Driver/Src/stm32f1xx_hal_tim_ex.o

.debug_macro    0x00000000    0x16a11
 .debug_macro   0x00000000      0x1de ./Core/Src/button.o
 .debug_macro   0x000001de      0xacc ./Core/Src/button.o
 .debug_macro   0x00000caa      0x215 ./Core/Src/button.o
 .debug_macro   0x00000ebf       0x2e ./Core/Src/button.o
 .debug_macro   0x00000eed       0x22 ./Core/Src/button.o
 .debug_macro   0x00000f0f       0x22 ./Core/Src/button.o
 .debug_macro   0x00000f31       0x8e ./Core/Src/button.o
 .debug_macro   0x00000fbf       0x51 ./Core/Src/button.o
 .debug_macro   0x00001010      0x103 ./Core/Src/button.o
 .debug_macro   0x00001113       0x6a ./Core/Src/button.o
 .debug_macro   0x0000117d      0x1df ./Core/Src/button.o
 .debug_macro   0x0000135c       0x1c ./Core/Src/button.o
 .debug_macro   0x00001378       0x22 ./Core/Src/button.o
 .debug_macro   0x0000139a       0xbd ./Core/Src/button.o
 .debug_macro   0x00001457      0xd23 ./Core/Src/button.o
 .debug_macro   0x0000217a     0xde75 ./Core/Src/button.o
 .debug_macro   0x0000ffef       0x6d ./Core/Src/button.o
 .debug_macro   0x0001005c     0x34a2 ./Core/Src/button.o
 .debug_macro   0x000134fe      0x190 ./Core/Src/button.o
 .debug_macro   0x0001368e       0x5c ./Core/Src/button.o
 .debug_macro   0x000136ea      0x5bc ./Core/Src/button.o
 .debug_macro   0x00013ca6      0x1b7 ./Core/Src/button.o
 .debug_macro   0x00013e5d      0x1cb ./Core/Src/button.o
 .debug_macro   0x00014028      0x114 ./Core/Src/button.o
 .debug_macro   0x0001413c      0x1b2 ./Core/Src/button.o
 .debug_macro   0x000142ee       0x27 ./Core/Src/button.o
 .debug_macro   0x00014315      0x12f ./Core/Src/button.o
 .debug_macro   0x00014444      0x1bc ./Core/Src/button.o
 .debug_macro   0x00014600       0x34 ./Core/Src/button.o
 .debug_macro   0x00014634       0x3c ./Core/Src/button.o
 .debug_macro   0x00014670       0x57 ./Core/Src/button.o
 .debug_macro   0x000146c7       0x87 ./Core/Src/button.o
 .debug_macro   0x0001474e      0x183 ./Core/Src/button.o
 .debug_macro   0x000148d1      0x140 ./Core/Src/button.o
 .debug_macro   0x00014a11      0x8ed ./Core/Src/button.o
 .debug_macro   0x000152fe       0x69 ./Core/Src/button.o
 .debug_macro   0x00015367      0x148 ./Core/Src/button.o
 .debug_macro   0x000154af       0x10 ./Core/Src/button.o
 .debug_macro   0x000154bf       0x3a ./Core/Src/button.o
 .debug_macro   0x000154f9      0x1b0 ./Core/Src/display.o
 .debug_macro   0x000156a9      0x1c8 ./Core/Src/fsm.o
 .debug_macro   0x00015871       0x16 ./Core/Src/fsm.o
 .debug_macro   0x00015887      0x1d9 ./Core/Src/main.o
 .debug_macro   0x00015a60       0x16 ./Core/Src/main.o
 .debug_macro   0x00015a76       0x72 ./Core/Src/scheduler.o
 .debug_macro   0x00015ae8       0x10 ./Core/Src/scheduler.o
 .debug_macro   0x00015af8      0x1a6 ./Core/Src/stm32f1xx_hal_msp.o
 .debug_macro   0x00015c9e      0x1b0 ./Core/Src/stm32f1xx_it.o
 .debug_macro   0x00015e4e      0x197 ./Core/Src/system_stm32f1xx.o
 .debug_macro   0x00015fe5      0x1bb ./Drivers/STM32F1xx_HAL_Driver/Src/stm32f1xx_hal.o
 .debug_macro   0x000161a0      0x197 ./Drivers/STM32F1xx_HAL_Driver/Src/stm32f1xx_hal_cortex.o
 .debug_macro   0x00016337      0x202 ./Drivers/STM32F1xx_HAL_Driver/Src/stm32f1xx_hal_gpio.o
 .debug_macro   0x00016539      0x1a9 ./Drivers/STM32F1xx_HAL_Driver/Src/stm32f1xx_hal_rcc.o
 .debug_macro   0x000166e2      0x198 ./Drivers/STM32F1xx_HAL_Driver/Src/stm32f1xx_hal_tim.o
 .debug_macro   0x0001687a      0x197 ./Drivers/STM32F1xx_HAL_Driver/Src/stm32f1xx_hal_tim_ex.o

.debug_line     0x00000000     0xb6c3
 .debug_line    0x00000000      0x814 ./Core/Src/button.o
 .debug_line    0x00000814      0x7e8 ./Core/Src/display.o
 .debug_line    0x00000ffc      0x902 ./Core/Src/fsm.o
 .debug_line    0x000018fe      0x84d ./Core/Src/main.o
 .debug_line    0x0000214b      0x556 ./Core/Src/scheduler.o
 .debug_line    0x000026a1      0x720 ./Core/Src/stm32f1xx_hal_msp.o
 .debug_line    0x00002dc1      0x7ab ./Core/Src/stm32f1xx_it.o
 .debug_line    0x0000356c      0x763 ./Core/Src/system_stm32f1xx.o
 .debug_line    0x00003ccf       0x78 ./Core/Startup/startup_stm32f103c6ux.o
 .debug_line    0x00003d47      0x994 ./Drivers/STM32F1xx_HAL_Driver/Src/stm32f1xx_hal.o
 .debug_line    0x000046db      0xb5e ./Drivers/STM32F1xx_HAL_Driver/Src/stm32f1xx_hal_cortex.o
 .debug_line    0x00005239      0x9dc ./Drivers/STM32F1xx_HAL_Driver/Src/stm32f1xx_hal_gpio.o
 .debug_line    0x00005c15      0xe4d ./Drivers/STM32F1xx_HAL_Driver/Src/stm32f1xx_hal_rcc.o
 .debug_line    0x00006a62     0x3439 ./Drivers/STM32F1xx_HAL_Driver/Src/stm32f1xx_hal_tim.o
 .debug_line    0x00009e9b     0x1828 ./Drivers/STM32F1xx_HAL_Driver/Src/stm32f1xx_hal_tim_ex.o

.debug_str      0x00000000    0x8264c
 .debug_str     0x00000000    0x8264c ./Core/Src/button.o
                              0x7fd63 (size before relaxing)
 .debug_str     0x0008264c    0x7fc89 ./Core/Src/display.o
 .debug_str     0x0008264c    0x7fd8d ./Core/Src/fsm.o
 .debug_str     0x0008264c    0x805a4 ./Core/Src/main.o
 .debug_str     0x0008264c     0x3e24 ./Core/Src/scheduler.o
 .debug_str     0x0008264c    0x803d2 ./Core/Src/stm32f1xx_hal_msp.o
 .debug_str     0x0008264c    0x8010d ./Core/Src/stm32f1xx_it.o
 .debug_str     0x0008264c    0x7f7ae ./Core/Src/system_stm32f1xx.o
 .debug_str     0x0008264c       0x62 ./Core/Startup/startup_stm32f103c6ux.o
 .debug_str     0x0008264c    0x7fea7 ./Drivers/STM32F1xx_HAL_Driver/Src/stm32f1xx_hal.o
 .debug_str     0x0008264c    0x7fdf3 ./Drivers/STM32F1xx_HAL_Driver/Src/stm32f1xx_hal_cortex.o
 .debug_str     0x0008264c    0x7fb34 ./Drivers/STM32F1xx_HAL_Driver/Src/stm32f1xx_hal_gpio.o
 .debug_str     0x0008264c    0x7fbdd ./Drivers/STM32F1xx_HAL_Driver/Src/stm32f1xx_hal_rcc.o
 .debug_str     0x0008264c    0x80bdf ./Drivers/STM32F1xx_HAL_Driver/Src/stm32f1xx_hal_tim.o
 .debug_str     0x0008264c    0x803eb ./Drivers/STM32F1xx_HAL_Driver/Src/stm32f1xx_hal_tim_ex.o

.comment        0x00000000       0x43
 .comment       0x00000000       0x43 ./Core/Src/button.o
                                 0x44 (size before relaxing)
 .comment       0x00000043       0x44 ./Core/Src/display.o
 .comment       0x00000043       0x44 ./Core/Src/fsm.o
 .comment       0x00000043       0x44 ./Core/Src/main.o
 .comment       0x00000043       0x44 ./Core/Src/scheduler.o
 .comment       0x00000043       0x44 ./Core/Src/stm32f1xx_hal_msp.o
 .comment       0x00000043       0x44 ./Core/Src/stm32f1xx_it.o
 .comment       0x00000043       0x44 ./Core/Src/system_stm32f1xx.o
 .comment       0x00000043       0x44 ./Drivers/STM32F1xx_HAL_Driver/Src/stm32f1xx_hal.o
 .comment       0x00000043       0x44 ./Drivers/STM32F1xx_HAL_Driver/Src/stm32f1xx_hal_cortex.o
 .comment       0x00000043       0x44 ./Drivers/STM32F1xx_HAL_Driver/Src/stm32f1xx_hal_gpio.o
 .comment       0x00000043       0x44 ./Drivers/STM32F1xx_HAL_Driver/Src/stm32f1xx_hal_rcc.o
 .comment       0x00000043       0x44 ./Drivers/STM32F1xx_HAL_Driver/Src/stm32f1xx_hal_tim.o
 .comment       0x00000043       0x44 ./Drivers/STM32F1xx_HAL_Driver/Src/stm32f1xx_hal_tim_ex.o

.debug_frame    0x00000000     0x28f0
 .debug_frame   0x00000000       0xa0 ./Core/Src/button.o
 .debug_frame   0x000000a0       0xb8 ./Core/Src/display.o
 .debug_frame   0x00000158       0xfc ./Core/Src/fsm.o
 .debug_frame   0x00000254       0xd8 ./Core/Src/main.o
 .debug_frame   0x0000032c       0xd4 ./Core/Src/scheduler.o
 .debug_frame   0x00000400       0x80 ./Core/Src/stm32f1xx_hal_msp.o
 .debug_frame   0x00000480      0x120 ./Core/Src/stm32f1xx_it.o
 .debug_frame   0x000005a0       0x58 ./Core/Src/system_stm32f1xx.o
 .debug_frame   0x000005f8      0x334 ./Drivers/STM32F1xx_HAL_Driver/Src/stm32f1xx_hal.o
 .debug_frame   0x0000092c      0x428 ./Drivers/STM32F1xx_HAL_Driver/Src/stm32f1xx_hal_cortex.o
 .debug_frame   0x00000d54      0x14c ./Drivers/STM32F1xx_HAL_Driver/Src/stm32f1xx_hal_gpio.o
 .debug_frame   0x00000ea0      0x218 ./Drivers/STM32F1xx_HAL_Driver/Src/stm32f1xx_hal_rcc.o
 .debug_frame   0x000010b8     0x11b4 ./Drivers/STM32F1xx_HAL_Driver/Src/stm32f1xx_hal_tim.o
 .debug_frame   0x0000226c      0x638 ./Drivers/STM32F1xx_HAL_Driver/Src/stm32f1xx_hal_tim_ex.o
 .debug_frame   0x000028a4       0x20 C:/ST/STM32CubeIDE_1.19.0/STM32CubeIDE/plugins/com.st.stm32cube.ide.mcu.externaltools.gnu-tools-for-stm32.13.3.rel1.win32_1.0.0.202411081344/tools/bin/../lib/gcc/arm-none-eabi/13.3.1/../../../../arm-none-eabi/lib/thumb/v7-m/nofp\libc_nano.a(libc_a-memset.o)
 .debug_frame   0x000028c4       0x2c C:/ST/STM32CubeIDE_1.19.0/STM32CubeIDE/plugins/com.st.stm32cube.ide.mcu.externaltools.gnu-tools-for-stm32.13.3.rel1.win32_1.0.0.202411081344/tools/bin/../lib/gcc/arm-none-eabi/13.3.1/../../../../arm-none-eabi/lib/thumb/v7-m/nofp\libc_nano.a(libc_a-init.o)

.debug_line_str
                0x00000000       0x46
 .debug_line_str
                0x00000000       0x46 ./Core/Startup/startup_stm32f103c6ux.o
